{
    "-profile test": {
        "content": [
            {
                "AUTHENTICATIONPLOTS": {
                    "r-base": "4.5.3"
                },
                "AUTHENTICATIONSCORE": {
                    "r-base": "4.0.3"
                },
                "BOWTIE2_ALIGN": {
                    "bowtie2": "2.5.4",
                    "pigz": 2.8,
                    "samtools": 1.21
                },
                "BOWTIE2_BUILD": {
                    "bowtie2": "2.5.4"
                },
                "BREADTHOFCOVERAGE": {
                    "samtools": "1.19.2"
                },
                "CUTADAPT": {
                    "cutadapt": 5.2
                },
                "FASTQC_RAW": {
                    "fastqc": "0.12.1"
                },
                "FASTQC_TRIM": {
                    "fastqc": "0.12.1"
                },
                "KRAKENUNIQ_ABUNDANCEMATRIX": {
                    "pheatmap": "1.0.12",
                    "r-base": "4.3.3"
                },
                "KRAKENUNIQ_BUILD": {
                    "krakenuniq": "1.0.4"
                },
                "KRAKENUNIQ_FILTER": {
                    "pandas": "1.5.2",
                    "python": "3.11.0"
                },
                "KRAKENUNIQ_PRELOADEDKRAKENUNIQ": {
                    "krakenuniq": "1.0.4"
                },
                "KRAKENUNIQ_TOKRONA": {
                    "pandas": "1.5.2",
                    "python": "3.11.0"
                },
                "KRONA_KTIMPORTTAXONOMY": {
                    "krona": "2.8.1"
                },
                "KRONA_KTUPDATETAXONOMY": {
                    "krona": "2.8.1"
                },
                "MAKENODELIST": {
                    "gawk": "5.3.0"
                },
                "MALTEXTRACT": {
                    "maltextract": 1.7
                },
                "MALT_ABUNDANCEMATRIXRMA6": {
                    "megan": "6.24.20",
                    "rma-tabuliser": "0.0.1"
                },
                "MALT_ABUNDANCEMATRIXSAM": {
                    "pheatmap": "1.0.12",
                    "r-base": "4.3.3"
                },
                "MALT_BUILD": {
                    "malt": "0.6.2"
                },
                "MALT_PREPAREDB": {
                    "samtools": "1.23.1"
                },
                "MALT_QUANTIFYABUNDANCE": {
                    "python": "3.8.3"
                },
                "MALT_RUN": {
                    "malt": "0.6.2"
                },
                "MAPDAMAGE2": {
                    "mapdamage2": "2.2.1"
                },
                "PLOTAUTHENTICATIONSCORE": {
                    "pheatmap": "1.0.12",
                    "r-base": "4.3.3"
                },
                "PMDTOOLS_DEAMINATION": {
                    "pmdtools": 0.5,
                    "samtools": 1.14
                },
                "PMDTOOLS_SCORE": {
                    "pmdtools": 0.5,
                    "samtools": 1.14
                },
                "POSTPROCESSINGAMPS": {
                    "r-base": "4.0.3"
                },
                "READLENGTHDISTRIBUTION": {
                    "samtools": "1.19.2"
                },
                "SAMTOOLS_FAIDX": {
                    "samtools": "1.23.1"
                },
                "SAMTOOLS_FLAGSTAT": {
                    "samtools": "1.23.1"
                },
                "SAMTOOLS_IDXSTATS": {
                    "samtools": "1.23.1"
                },
                "SAMTOOLS_INDEX": {
                    "samtools": "1.23.1"
                },
                "SAMTOOLS_SORT": {
                    "samtools": "1.23.1"
                },
                "SAMTOOLS_STATS": {
                    "samtools": "1.23.1"
                },
                "SAMTOOLS_VIEW": {
                    "samtools": "1.23.1"
                },
                "Workflow": {
                    "NBISweden/nf-core-aMeta": "v1.0.0dev"
                }
            },
            [
                "AUTHENTICATION",
                "AUTHENTICATION/bar",
                "AUTHENTICATION/bar/632",
                "AUTHENTICATION/bar/632/.RData",
                "AUTHENTICATION/bar/632/authentic_Sample_bar.trimmed.rma6_TaxID_632.pdf",
                "AUTHENTICATION/bar/632/authentic_Sample_bar.trimmed.rma6_TaxID_632.png",
                "AUTHENTICATION/bar/632/bar.632.authentication_scores.txt",
                "AUTHENTICATION/bar/632/bar.PMD_plot.frag.pdf",
                "AUTHENTICATION/bar/632/bar.PMD_temp.txt",
                "AUTHENTICATION/bar/632/bar.PMDscores.txt",
                "AUTHENTICATION/bar/632/bar.plotPMD.Rout",
                "AUTHENTICATION/bar/632/bar.read_length.txt",
                "AUTHENTICATION/bar/632/name_list.txt",
                "AUTHENTICATION/bar/632/name_list.txt.regions",
                "AUTHENTICATION/bar/632/node_list.txt",
                "AUTHENTICATION/bar/632/ref_58.breadth_of_coverage",
                "AUTHENTICATION/bar/632/ref_58.fasta",
                "AUTHENTICATION/bar/632/ref_58.sorted.bam",
                "AUTHENTICATION/bar/632/ref_58.sorted.bam.bai",
                "AUTHENTICATION/bar/632/ref_id.txt",
                "AUTHENTICATION/bar/632/results",
                "AUTHENTICATION/bar/632/results/MeganSummaries",
                "AUTHENTICATION/bar/632/results/MeganSummaries/bar.trimmed.rma6.megan",
                "AUTHENTICATION/bar/632/results/analysis.RData",
                "AUTHENTICATION/bar/632/results/ancient",
                "AUTHENTICATION/bar/632/results/ancient/RunSummary.txt",
                "AUTHENTICATION/bar/632/results/ancient/TotalCount.txt",
                "AUTHENTICATION/bar/632/results/ancient/alignments",
                "AUTHENTICATION/bar/632/results/ancient/alignments/bar.trimmed.rma6",
                "AUTHENTICATION/bar/632/results/ancient/alignments/bar.trimmed.rma6/Yersinia_pestis.blast",
                "AUTHENTICATION/bar/632/results/ancient/coverage",
                "AUTHENTICATION/bar/632/results/ancient/coverage/bar.trimmed.rma6_coverageHist.txt",
                "AUTHENTICATION/bar/632/results/ancient/coverage/bar.trimmed.rma6_postionsCovered.txt",
                "AUTHENTICATION/bar/632/results/ancient/damageMismatch",
                "AUTHENTICATION/bar/632/results/ancient/damageMismatch/bar.trimmed.rma6_damageMismatch.txt",
                "AUTHENTICATION/bar/632/results/ancient/editDistance",
                "AUTHENTICATION/bar/632/results/ancient/editDistance/bar.trimmed.rma6_editDistance.txt",
                "AUTHENTICATION/bar/632/results/ancient/filterInformation",
                "AUTHENTICATION/bar/632/results/ancient/filterInformation/bar.trimmed.rma6_assignedReads.txt",
                "AUTHENTICATION/bar/632/results/ancient/filterInformation/bar.trimmed.rma6_filterTable.txt",
                "AUTHENTICATION/bar/632/results/ancient/percentIdentity",
                "AUTHENTICATION/bar/632/results/ancient/percentIdentity/bar.trimmed.rma6_percentIdentity.txt",
                "AUTHENTICATION/bar/632/results/ancient/readDist",
                "AUTHENTICATION/bar/632/results/ancient/readDist/bar.trimmed.rma6_additionalNodeEntries.txt",
                "AUTHENTICATION/bar/632/results/ancient/readDist/bar.trimmed.rma6_alignmentDist.txt",
                "AUTHENTICATION/bar/632/results/ancient/readDist/bar.trimmed.rma6_readLengthDist.txt",
                "AUTHENTICATION/bar/632/results/ancient/readDist/bar.trimmed.rma6_readLengthStat.txt",
                "AUTHENTICATION/bar/632/results/ancient/reads",
                "AUTHENTICATION/bar/632/results/ancient/reads/bar.trimmed.rma6",
                "AUTHENTICATION/bar/632/results/ancient/reads/bar.trimmed.rma6/Yersinia_pestis.fasta",
                "AUTHENTICATION/bar/632/results/default",
                "AUTHENTICATION/bar/632/results/default/RunSummary.txt",
                "AUTHENTICATION/bar/632/results/default/TotalCount.txt",
                "AUTHENTICATION/bar/632/results/default/alignments",
                "AUTHENTICATION/bar/632/results/default/alignments/bar.trimmed.rma6",
                "AUTHENTICATION/bar/632/results/default/alignments/bar.trimmed.rma6/Yersinia_pestis.blast",
                "AUTHENTICATION/bar/632/results/default/coverage",
                "AUTHENTICATION/bar/632/results/default/coverage/bar.trimmed.rma6_coverageHist.txt",
                "AUTHENTICATION/bar/632/results/default/coverage/bar.trimmed.rma6_postionsCovered.txt",
                "AUTHENTICATION/bar/632/results/default/damageMismatch",
                "AUTHENTICATION/bar/632/results/default/damageMismatch/bar.trimmed.rma6_damageMismatch.txt",
                "AUTHENTICATION/bar/632/results/default/editDistance",
                "AUTHENTICATION/bar/632/results/default/editDistance/bar.trimmed.rma6_editDistance.txt",
                "AUTHENTICATION/bar/632/results/default/filterInformation",
                "AUTHENTICATION/bar/632/results/default/filterInformation/bar.trimmed.rma6_assignedReads.txt",
                "AUTHENTICATION/bar/632/results/default/filterInformation/bar.trimmed.rma6_filterTable.txt",
                "AUTHENTICATION/bar/632/results/default/percentIdentity",
                "AUTHENTICATION/bar/632/results/default/percentIdentity/bar.trimmed.rma6_percentIdentity.txt",
                "AUTHENTICATION/bar/632/results/default/readDist",
                "AUTHENTICATION/bar/632/results/default/readDist/bar.trimmed.rma6_additionalNodeEntries.txt",
                "AUTHENTICATION/bar/632/results/default/readDist/bar.trimmed.rma6_alignmentDist.txt",
                "AUTHENTICATION/bar/632/results/default/readDist/bar.trimmed.rma6_readLengthDist.txt",
                "AUTHENTICATION/bar/632/results/default/readDist/bar.trimmed.rma6_readLengthStat.txt",
                "AUTHENTICATION/bar/632/results/default/reads",
                "AUTHENTICATION/bar/632/results/default/reads/bar.trimmed.rma6",
                "AUTHENTICATION/bar/632/results/default/reads/bar.trimmed.rma6/Yersinia_pestis.fasta",
                "AUTHENTICATION/bar/632/results/error.txt",
                "AUTHENTICATION/bar/632/results/heatmap_overview_Wevid.pdf",
                "AUTHENTICATION/bar/632/results/heatmap_overview_Wevid.tsv",
                "AUTHENTICATION/bar/632/results/log.txt",
                "AUTHENTICATION/bar/632/results/pdf_candidate_profiles",
                "AUTHENTICATION/bar/632/results/pdf_candidate_profiles/Yersinia_pestis",
                "AUTHENTICATION/bar/632/results/pdf_candidate_profiles/Yersinia_pestis/stp2_bar.trimmed.rma6_Yersinia_pestis_summary.pdf",
                "AUTHENTICATION/foo",
                "AUTHENTICATION/foo/632",
                "AUTHENTICATION/foo/632/.RData",
                "AUTHENTICATION/foo/632/authentic_Sample_foo.trimmed.rma6_TaxID_632.pdf",
                "AUTHENTICATION/foo/632/authentic_Sample_foo.trimmed.rma6_TaxID_632.png",
                "AUTHENTICATION/foo/632/foo.632.authentication_scores.txt",
                "AUTHENTICATION/foo/632/foo.PMD_plot.frag.pdf",
                "AUTHENTICATION/foo/632/foo.PMD_temp.txt",
                "AUTHENTICATION/foo/632/foo.PMDscores.txt",
                "AUTHENTICATION/foo/632/foo.plotPMD.Rout",
                "AUTHENTICATION/foo/632/foo.read_length.txt",
                "AUTHENTICATION/foo/632/name_list.txt",
                "AUTHENTICATION/foo/632/name_list.txt.regions",
                "AUTHENTICATION/foo/632/node_list.txt",
                "AUTHENTICATION/foo/632/ref_41.breadth_of_coverage",
                "AUTHENTICATION/foo/632/ref_41.fasta",
                "AUTHENTICATION/foo/632/ref_41.sorted.bam",
                "AUTHENTICATION/foo/632/ref_41.sorted.bam.bai",
                "AUTHENTICATION/foo/632/ref_id.txt",
                "AUTHENTICATION/foo/632/results",
                "AUTHENTICATION/foo/632/results/MeganSummaries",
                "AUTHENTICATION/foo/632/results/MeganSummaries/foo.trimmed.rma6.megan",
                "AUTHENTICATION/foo/632/results/analysis.RData",
                "AUTHENTICATION/foo/632/results/ancient",
                "AUTHENTICATION/foo/632/results/ancient/RunSummary.txt",
                "AUTHENTICATION/foo/632/results/ancient/TotalCount.txt",
                "AUTHENTICATION/foo/632/results/ancient/alignments",
                "AUTHENTICATION/foo/632/results/ancient/alignments/foo.trimmed.rma6",
                "AUTHENTICATION/foo/632/results/ancient/alignments/foo.trimmed.rma6/Yersinia_pestis.blast",
                "AUTHENTICATION/foo/632/results/ancient/coverage",
                "AUTHENTICATION/foo/632/results/ancient/coverage/foo.trimmed.rma6_coverageHist.txt",
                "AUTHENTICATION/foo/632/results/ancient/coverage/foo.trimmed.rma6_postionsCovered.txt",
                "AUTHENTICATION/foo/632/results/ancient/damageMismatch",
                "AUTHENTICATION/foo/632/results/ancient/damageMismatch/foo.trimmed.rma6_damageMismatch.txt",
                "AUTHENTICATION/foo/632/results/ancient/editDistance",
                "AUTHENTICATION/foo/632/results/ancient/editDistance/foo.trimmed.rma6_editDistance.txt",
                "AUTHENTICATION/foo/632/results/ancient/filterInformation",
                "AUTHENTICATION/foo/632/results/ancient/filterInformation/foo.trimmed.rma6_assignedReads.txt",
                "AUTHENTICATION/foo/632/results/ancient/filterInformation/foo.trimmed.rma6_filterTable.txt",
                "AUTHENTICATION/foo/632/results/ancient/percentIdentity",
                "AUTHENTICATION/foo/632/results/ancient/percentIdentity/foo.trimmed.rma6_percentIdentity.txt",
                "AUTHENTICATION/foo/632/results/ancient/readDist",
                "AUTHENTICATION/foo/632/results/ancient/readDist/foo.trimmed.rma6_additionalNodeEntries.txt",
                "AUTHENTICATION/foo/632/results/ancient/readDist/foo.trimmed.rma6_alignmentDist.txt",
                "AUTHENTICATION/foo/632/results/ancient/readDist/foo.trimmed.rma6_readLengthDist.txt",
                "AUTHENTICATION/foo/632/results/ancient/readDist/foo.trimmed.rma6_readLengthStat.txt",
                "AUTHENTICATION/foo/632/results/ancient/reads",
                "AUTHENTICATION/foo/632/results/ancient/reads/foo.trimmed.rma6",
                "AUTHENTICATION/foo/632/results/ancient/reads/foo.trimmed.rma6/Yersinia_pestis.fasta",
                "AUTHENTICATION/foo/632/results/default",
                "AUTHENTICATION/foo/632/results/default/RunSummary.txt",
                "AUTHENTICATION/foo/632/results/default/TotalCount.txt",
                "AUTHENTICATION/foo/632/results/default/alignments",
                "AUTHENTICATION/foo/632/results/default/alignments/foo.trimmed.rma6",
                "AUTHENTICATION/foo/632/results/default/alignments/foo.trimmed.rma6/Yersinia_pestis.blast",
                "AUTHENTICATION/foo/632/results/default/coverage",
                "AUTHENTICATION/foo/632/results/default/coverage/foo.trimmed.rma6_coverageHist.txt",
                "AUTHENTICATION/foo/632/results/default/coverage/foo.trimmed.rma6_postionsCovered.txt",
                "AUTHENTICATION/foo/632/results/default/damageMismatch",
                "AUTHENTICATION/foo/632/results/default/damageMismatch/foo.trimmed.rma6_damageMismatch.txt",
                "AUTHENTICATION/foo/632/results/default/editDistance",
                "AUTHENTICATION/foo/632/results/default/editDistance/foo.trimmed.rma6_editDistance.txt",
                "AUTHENTICATION/foo/632/results/default/filterInformation",
                "AUTHENTICATION/foo/632/results/default/filterInformation/foo.trimmed.rma6_assignedReads.txt",
                "AUTHENTICATION/foo/632/results/default/filterInformation/foo.trimmed.rma6_filterTable.txt",
                "AUTHENTICATION/foo/632/results/default/percentIdentity",
                "AUTHENTICATION/foo/632/results/default/percentIdentity/foo.trimmed.rma6_percentIdentity.txt",
                "AUTHENTICATION/foo/632/results/default/readDist",
                "AUTHENTICATION/foo/632/results/default/readDist/foo.trimmed.rma6_additionalNodeEntries.txt",
                "AUTHENTICATION/foo/632/results/default/readDist/foo.trimmed.rma6_alignmentDist.txt",
                "AUTHENTICATION/foo/632/results/default/readDist/foo.trimmed.rma6_readLengthDist.txt",
                "AUTHENTICATION/foo/632/results/default/readDist/foo.trimmed.rma6_readLengthStat.txt",
                "AUTHENTICATION/foo/632/results/default/reads",
                "AUTHENTICATION/foo/632/results/default/reads/foo.trimmed.rma6",
                "AUTHENTICATION/foo/632/results/default/reads/foo.trimmed.rma6/Yersinia_pestis.fasta",
                "AUTHENTICATION/foo/632/results/error.txt",
                "AUTHENTICATION/foo/632/results/heatmap_overview_Wevid.pdf",
                "AUTHENTICATION/foo/632/results/heatmap_overview_Wevid.tsv",
                "AUTHENTICATION/foo/632/results/log.txt",
                "AUTHENTICATION/foo/632/results/pdf_candidate_profiles",
                "AUTHENTICATION/foo/632/results/pdf_candidate_profiles/Yersinia_pestis",
                "AUTHENTICATION/foo/632/results/pdf_candidate_profiles/Yersinia_pestis/stp2_foo.trimmed.rma6_Yersinia_pestis_summary.pdf",
                "AUTHENTICATION_PLOTS_PDF",
                "AUTHENTICATION_PLOTS_PDF/authentic_Sample_bar.trimmed.rma6_TaxID_632.pdf",
                "AUTHENTICATION_PLOTS_PDF/authentic_Sample_foo.trimmed.rma6_TaxID_632.pdf",
                "AUTHENTICATION_PLOTS_PNG",
                "AUTHENTICATION_PLOTS_PNG/authentic_Sample_bar.trimmed.rma6_TaxID_632.png",
                "AUTHENTICATION_PLOTS_PNG/authentic_Sample_foo.trimmed.rma6_TaxID_632.png",
                "BOWTIE2",
                "BOWTIE2/bar",
                "BOWTIE2/bar/bar.sorted.AlignedToBowtie2DB.bam",
                "BOWTIE2/bar/bar.sorted.AlignedToBowtie2DB.bam.bai",
                "BOWTIE2/foo",
                "BOWTIE2/foo/foo.sorted.AlignedToBowtie2DB.bam",
                "BOWTIE2/foo/foo.sorted.AlignedToBowtie2DB.bam.bai",
                "CUTADAPT_ADAPTER_TRIMMING",
                "CUTADAPT_ADAPTER_TRIMMING/bar.cutadapt.log",
                "CUTADAPT_ADAPTER_TRIMMING/bar.trimmed.fastq.gz",
                "CUTADAPT_ADAPTER_TRIMMING/foo.cutadapt.log",
                "CUTADAPT_ADAPTER_TRIMMING/foo.trimmed.fastq.gz",
                "FASTQC_AFTER_TRIMMING",
                "FASTQC_AFTER_TRIMMING/bar_trimmed_fastqc.html",
                "FASTQC_AFTER_TRIMMING/bar_trimmed_fastqc.zip",
                "FASTQC_AFTER_TRIMMING/foo_trimmed_fastqc.html",
                "FASTQC_AFTER_TRIMMING/foo_trimmed_fastqc.zip",
                "FASTQC_BEFORE_TRIMMING",
                "FASTQC_BEFORE_TRIMMING/bar_fastqc.html",
                "FASTQC_BEFORE_TRIMMING/bar_fastqc.zip",
                "FASTQC_BEFORE_TRIMMING/foo_fastqc.html",
                "FASTQC_BEFORE_TRIMMING/foo_fastqc.zip",
                "KRAKENUNIQ",
                "KRAKENUNIQ/bar",
                "KRAKENUNIQ/bar/bar.krakenuniq.classified.txt_kmers1000.krona",
                "KRAKENUNIQ/bar/bar.krakenuniq.classified.txt_kmers1000.txt",
                "KRAKENUNIQ/bar/bar.krakenuniq.report.txt.filtered",
                "KRAKENUNIQ/bar/bar.krakenuniq.report.txt.filtered_taxIDs_kmers1000.txt",
                "KRAKENUNIQ/bar/bar.krakenuniq.report.txt.pathogens",
                "KRAKENUNIQ/bar/bar.krakenuniq_filter.log",
                "KRAKENUNIQ/bar/bar.taxID.pathogens",
                "KRAKENUNIQ/bar/bar.taxID.species",
                "KRAKENUNIQ/bar/bar.taxonomy.krona.html",
                "KRAKENUNIQ/foo",
                "KRAKENUNIQ/foo/foo.krakenuniq.classified.txt_kmers1000.krona",
                "KRAKENUNIQ/foo/foo.krakenuniq.classified.txt_kmers1000.txt",
                "KRAKENUNIQ/foo/foo.krakenuniq.report.txt.filtered",
                "KRAKENUNIQ/foo/foo.krakenuniq.report.txt.filtered_taxIDs_kmers1000.txt",
                "KRAKENUNIQ/foo/foo.krakenuniq.report.txt.pathogens",
                "KRAKENUNIQ/foo/foo.krakenuniq_filter.log",
                "KRAKENUNIQ/foo/foo.taxID.pathogens",
                "KRAKENUNIQ/foo/foo.taxID.species",
                "KRAKENUNIQ/foo/foo.taxonomy.krona.html",
                "KRAKENUNIQ/krakenuniq_single_end",
                "KRAKENUNIQ/krakenuniq_single_end/bar.krakenuniq.classified.txt",
                "KRAKENUNIQ/krakenuniq_single_end/bar.krakenuniq.report.txt",
                "KRAKENUNIQ/krakenuniq_single_end/foo.krakenuniq.classified.txt",
                "KRAKENUNIQ/krakenuniq_single_end/foo.krakenuniq.report.txt",
                "KRAKENUNIQ_ABUNDANCE_MATRIX",
                "KRAKENUNIQ_ABUNDANCE_MATRIX/krakenuniq.abundance_matrix.log",
                "KRAKENUNIQ_ABUNDANCE_MATRIX/krakenuniq_absolute_abundance_heatmap.pdf",
                "KRAKENUNIQ_ABUNDANCE_MATRIX/krakenuniq_abundance_matrix.txt",
                "KRAKENUNIQ_ABUNDANCE_MATRIX/krakenuniq_normalized_abundance_heatmap.pdf",
                "KRAKENUNIQ_ABUNDANCE_MATRIX/unique_species_names_list.txt",
                "KRAKENUNIQ_ABUNDANCE_MATRIX/unique_species_taxid_list.txt",
                "MALT",
                "MALT/bar-malt-run.log",
                "MALT/bar.trimmed.rma6",
                "MALT/bar.trimmed.sam.gz",
                "MALT/foo-malt-run.log",
                "MALT/foo.trimmed.rma6",
                "MALT/foo.trimmed.sam.gz",
                "MALT_ABUNDANCE_MATRIX_RMA6",
                "MALT_ABUNDANCE_MATRIX_RMA6/malt_abundance_matrix_rma6.txt",
                "MALT_ABUNDANCE_MATRIX_SAM",
                "MALT_ABUNDANCE_MATRIX_SAM/malt_abundance_matrix_sam.txt",
                "MALT_DB",
                "MALT_DB/library.project.fna",
                "MALT_DB/malt-build.log",
                "MALT_DB/malt_index",
                "MALT_DB/malt_index/index0.idx",
                "MALT_DB/malt_index/ref.db",
                "MALT_DB/malt_index/ref.idx",
                "MALT_DB/malt_index/ref.inf",
                "MALT_DB/malt_index/table0.db",
                "MALT_DB/malt_index/table0.idx",
                "MALT_DB/malt_index/taxonomy.idx",
                "MALT_DB/malt_index/taxonomy.map",
                "MALT_DB/malt_index/taxonomy.tre",
                "MALT_DB/seqid2taxid.project.map",
                "MALT_DB/seqids.project",
                "MALT_QUANTIFY_ABUNDANCE",
                "MALT_QUANTIFY_ABUNDANCE/bar",
                "MALT_QUANTIFY_ABUNDANCE/bar/bar.sam_counts.txt",
                "MALT_QUANTIFY_ABUNDANCE/foo",
                "MALT_QUANTIFY_ABUNDANCE/foo/foo.sam_counts.txt",
                "MAPDAMAGE",
                "MAPDAMAGE/bar",
                "MAPDAMAGE/bar/632",
                "MAPDAMAGE/bar/632/632.seq_ids",
                "MAPDAMAGE/bar/632/bar.632.bam",
                "MAPDAMAGE/bar/632/bar.632.bam.csi",
                "MAPDAMAGE/bar/632/results_bar.632",
                "MAPDAMAGE/bar/632/results_bar.632/3pGtoA_freq.txt",
                "MAPDAMAGE/bar/632/results_bar.632/5pCtoT_freq.txt",
                "MAPDAMAGE/bar/632/results_bar.632/Fragmisincorporation_plot.pdf",
                "MAPDAMAGE/bar/632/results_bar.632/Length_plot.pdf",
                "MAPDAMAGE/bar/632/results_bar.632/Runtime_log.txt",
                "MAPDAMAGE/bar/632/results_bar.632/Stats_out_MCMC_correct_prob.csv",
                "MAPDAMAGE/bar/632/results_bar.632/Stats_out_MCMC_hist.pdf",
                "MAPDAMAGE/bar/632/results_bar.632/Stats_out_MCMC_iter.csv",
                "MAPDAMAGE/bar/632/results_bar.632/Stats_out_MCMC_iter_summ_stat.csv",
                "MAPDAMAGE/bar/632/results_bar.632/Stats_out_MCMC_post_pred.pdf",
                "MAPDAMAGE/bar/632/results_bar.632/Stats_out_MCMC_trace.pdf",
                "MAPDAMAGE/bar/632/results_bar.632/dnacomp.txt",
                "MAPDAMAGE/bar/632/results_bar.632/dnacomp_genome.csv",
                "MAPDAMAGE/bar/632/results_bar.632/lgdistribution.txt",
                "MAPDAMAGE/bar/632/results_bar.632/misincorporation.txt",
                "MAPDAMAGE/foo",
                "MAPDAMAGE/foo/632",
                "MAPDAMAGE/foo/632/632.seq_ids",
                "MAPDAMAGE/foo/632/foo.632.bam",
                "MAPDAMAGE/foo/632/foo.632.bam.csi",
                "MAPDAMAGE/foo/632/results_foo.632",
                "MAPDAMAGE/foo/632/results_foo.632/3pGtoA_freq.txt",
                "MAPDAMAGE/foo/632/results_foo.632/5pCtoT_freq.txt",
                "MAPDAMAGE/foo/632/results_foo.632/Fragmisincorporation_plot.pdf",
                "MAPDAMAGE/foo/632/results_foo.632/Length_plot.pdf",
                "MAPDAMAGE/foo/632/results_foo.632/Runtime_log.txt",
                "MAPDAMAGE/foo/632/results_foo.632/Stats_out_MCMC_correct_prob.csv",
                "MAPDAMAGE/foo/632/results_foo.632/Stats_out_MCMC_hist.pdf",
                "MAPDAMAGE/foo/632/results_foo.632/Stats_out_MCMC_iter.csv",
                "MAPDAMAGE/foo/632/results_foo.632/Stats_out_MCMC_iter_summ_stat.csv",
                "MAPDAMAGE/foo/632/results_foo.632/Stats_out_MCMC_post_pred.pdf",
                "MAPDAMAGE/foo/632/results_foo.632/Stats_out_MCMC_trace.pdf",
                "MAPDAMAGE/foo/632/results_foo.632/dnacomp.txt",
                "MAPDAMAGE/foo/632/results_foo.632/dnacomp_genome.csv",
                "MAPDAMAGE/foo/632/results_foo.632/lgdistribution.txt",
                "MAPDAMAGE/foo/632/results_foo.632/misincorporation.txt",
                "MULTIQC",
                "MULTIQC/multiqc_data",
                "MULTIQC/multiqc_data/llms-full.txt",
                "MULTIQC/multiqc_data/multiqc.log",
                "MULTIQC/multiqc_data/multiqc.parquet",
                "MULTIQC/multiqc_data/multiqc_citations.txt",
                "MULTIQC/multiqc_data/multiqc_data.json",
                "MULTIQC/multiqc_data/multiqc_software_versions.txt",
                "MULTIQC/multiqc_data/multiqc_sources.txt",
                "MULTIQC/multiqc_report.html",
                "overview_heatmap_scores.pdf",
                "overview_heatmap_scores.txt",
                "pipeline_info",
                "pipeline_info/ameta_software_mqc_versions.yml"
            ],
            [
                ".RData:md5,4cd95f69aa78e3e4467858c81e44e672",
                "bar.632.authentication_scores.txt:md5,8e95e454a3725631230a7107a0a21729",
                "bar.PMD_temp.txt:md5,efbc184cb21618c1c177685927c69428",
                "bar.PMDscores.txt:md5,045e94aca3d5dcdb47e715d5dea406d9",
                "bar.read_length.txt:md5,8f1586566c32d697aed4fd705e90c9f8",
                "name_list.txt:md5,fa242e1057e23d8d1252120320c8d33f",
                "name_list.txt.regions:md5,4691cce320369a1d6184f78e6f43d566",
                "node_list.txt:md5,4fb9f69d4381bed9d25396bb1912976b",
                "ref_58.breadth_of_coverage:md5,7597ea9400b285dc0d46e530e549f459",
                "ref_58.fasta:md5,a0e52aff21a5423ef4248716d1700291",
                "ref_58.sorted.bam:md5,6f02ba9610e1d97c29f5eab30661ed93",
                "ref_58.sorted.bam.bai:md5,3597529344a1b7e574e277b3997017fc",
                "ref_id.txt:md5,fa242e1057e23d8d1252120320c8d33f",
                "analysis.RData:md5,d065f7aefc0a26e72b18b8cc1aaec2a1",
                "RunSummary.txt:md5,4035395fea180e303e37d2f7db604042",
                "TotalCount.txt:md5,dcfaaa5698d3cbc4279ffb54b6d4bba1",
                "Yersinia_pestis.blast:md5,38940219c84cf172fa142bc1e4e62bb9",
                "bar.trimmed.rma6_coverageHist.txt:md5,d07e7fc120f9dccf8a2769afe6c19696",
                "bar.trimmed.rma6_postionsCovered.txt:md5,3b80802ea9b562d1234b9c7d9a73a585",
                "bar.trimmed.rma6_damageMismatch.txt:md5,d2b4a755eb18f7635ebc743156d38ba2",
                "bar.trimmed.rma6_editDistance.txt:md5,5cecdef7ab0593233e438865f00066bc",
                "bar.trimmed.rma6_assignedReads.txt:md5,beca2f9d80457cc084587d4fc0e3eb2f",
                "bar.trimmed.rma6_filterTable.txt:md5,3ae650a756d92d5c550a518d00b9afb6",
                "bar.trimmed.rma6_percentIdentity.txt:md5,f1435d23ddfb712e9f3e97acbe445592",
                "bar.trimmed.rma6_additionalNodeEntries.txt:md5,fddbf282f6ef3dd5da3518d695f90df6",
                "bar.trimmed.rma6_alignmentDist.txt:md5,aa608c6a420f24b0ed03f1ef6bb7fe8f",
                "bar.trimmed.rma6_readLengthDist.txt:md5,458a9f136cb10c34b00ed6cc1b84e15f",
                "bar.trimmed.rma6_readLengthStat.txt:md5,523c8ff2d79a3525a9ef1aca0b1a484d",
                "Yersinia_pestis.fasta:md5,dbe358917c4ed9cbe729a308323fdeb1",
                "RunSummary.txt:md5,4b449341e65be190d4a77eff2dbdf77c",
                "TotalCount.txt:md5,dcfaaa5698d3cbc4279ffb54b6d4bba1",
                "Yersinia_pestis.blast:md5,931342a07e40f4115804047a60d2f554",
                "bar.trimmed.rma6_coverageHist.txt:md5,ed9f9b94e3a1b42b8a03b07e829df55e",
                "bar.trimmed.rma6_postionsCovered.txt:md5,bb1874adf4e95fca6ebf54a1b25b7e42",
                "bar.trimmed.rma6_damageMismatch.txt:md5,26441d925fa1dc89fd88c03be238567c",
                "bar.trimmed.rma6_editDistance.txt:md5,78bcb1a98da9c9100b85827a4ff4ae73",
                "bar.trimmed.rma6_assignedReads.txt:md5,beca2f9d80457cc084587d4fc0e3eb2f",
                "bar.trimmed.rma6_filterTable.txt:md5,2fa881670e61c6b6b619e0e3e7831f2c",
                "bar.trimmed.rma6_percentIdentity.txt:md5,822bda192eef94891ca090df08686e1b",
                "bar.trimmed.rma6_additionalNodeEntries.txt:md5,9667e475a61035436efc14ce75286062",
                "bar.trimmed.rma6_alignmentDist.txt:md5,73b9a9505ce9d7bbc48378ab34895b81",
                "bar.trimmed.rma6_readLengthDist.txt:md5,04ca5e882d5aeb2270ec9b5792a13d7f",
                "bar.trimmed.rma6_readLengthStat.txt:md5,346d9b2ad91b51c00202086f50a39b77",
                "Yersinia_pestis.fasta:md5,9ae0c8fb0f460462c834e60b32b7a823",
                "error.txt:md5,d41d8cd98f00b204e9800998ecf8427e",
                "heatmap_overview_Wevid.tsv:md5,2d7563bfa481e4233ddf2904507d8179",
                ".RData:md5,5feacc519b29cdcd6bf5178de85c2448",
                "foo.632.authentication_scores.txt:md5,2eb42c7aba12d25866d5afc4d6ea6e09",
                "foo.PMD_temp.txt:md5,99ba3f51376ec60a0776db36d43d7570",
                "foo.PMDscores.txt:md5,d3841c2b7e19df4034c8dfe26d208b71",
                "foo.read_length.txt:md5,0a622b355845876b715246f5f05c6206",
                "name_list.txt:md5,e45aca6b601cf353ed13e2802e16c1a6",
                "name_list.txt.regions:md5,1f1bfc653b83ab359cac6e087ff66e68",
                "node_list.txt:md5,4fb9f69d4381bed9d25396bb1912976b",
                "ref_41.breadth_of_coverage:md5,c3da525a6acd4b629dd769c806bf55d3",
                "ref_41.fasta:md5,1f312dc3d00484c688f86dc2516dbac6",
                "ref_41.sorted.bam:md5,d4a7874075686f4f19d58583ea02acd9",
                "ref_41.sorted.bam.bai:md5,44bd62c268d27689e0c6474d7e2a9724",
                "ref_id.txt:md5,e45aca6b601cf353ed13e2802e16c1a6",
                "analysis.RData:md5,b0fb364f559403a29c86e77116fd0bfa",
                "RunSummary.txt:md5,ee11754f66af3ef086fad2d6dbc81829",
                "TotalCount.txt:md5,7abecbfcba1f3e3dce0f8d74e1e5b3e0",
                "Yersinia_pestis.blast:md5,ee3a0c953c8bb25d5b9055f42e64218a",
                "foo.trimmed.rma6_coverageHist.txt:md5,e46679c93d6c392d7223f6d7c8dbeb43",
                "foo.trimmed.rma6_postionsCovered.txt:md5,ed73a8170ab17bf8502d5f26c2d649f4",
                "foo.trimmed.rma6_damageMismatch.txt:md5,87318c1d87786aa64711d9db5c724f82",
                "foo.trimmed.rma6_editDistance.txt:md5,ff7f2d8af7b39439839eeef4e4c1f063",
                "foo.trimmed.rma6_assignedReads.txt:md5,d4cfcb88bd5a77cd1ba4aab286d119b7",
                "foo.trimmed.rma6_filterTable.txt:md5,07c7b481b27979725a98506624f6e2c4",
                "foo.trimmed.rma6_percentIdentity.txt:md5,7ade7a011b0787c0dd92554de47f7f59",
                "foo.trimmed.rma6_additionalNodeEntries.txt:md5,9120d609fe98a6b0f74469353d10290e",
                "foo.trimmed.rma6_alignmentDist.txt:md5,aa608c6a420f24b0ed03f1ef6bb7fe8f",
                "foo.trimmed.rma6_readLengthDist.txt:md5,1c4addcef7601852ec1339ca6d7b2dbc",
                "foo.trimmed.rma6_readLengthStat.txt:md5,c01e3f6bd3028694d7fafe33e59ae64c",
                "Yersinia_pestis.fasta:md5,7e53d9ae3f0d1e65e29219b01eaec45c",
                "RunSummary.txt:md5,2a3fc0d7629404b15ba11a09d8d40570",
                "TotalCount.txt:md5,7abecbfcba1f3e3dce0f8d74e1e5b3e0",
                "Yersinia_pestis.blast:md5,214e21e4407cc27d7eb7da3a0d3ca87b",
                "foo.trimmed.rma6_coverageHist.txt:md5,577d85af769ac3562c37216669fbae96",
                "foo.trimmed.rma6_postionsCovered.txt:md5,04d6a9a6eac5457fa1f7deacd1ac29e7",
                "foo.trimmed.rma6_damageMismatch.txt:md5,d84606ef9fbcd6952dee3fa7b18ed971",
                "foo.trimmed.rma6_editDistance.txt:md5,840ffde1e60a75c1484b8cf7c859e047",
                "foo.trimmed.rma6_assignedReads.txt:md5,d4cfcb88bd5a77cd1ba4aab286d119b7",
                "foo.trimmed.rma6_filterTable.txt:md5,99f738589ac295bafcc10a1d8abf15f6",
                "foo.trimmed.rma6_percentIdentity.txt:md5,2a188367fbc8db6683d3de2ada1762fb",
                "foo.trimmed.rma6_additionalNodeEntries.txt:md5,9120d609fe98a6b0f74469353d10290e",
                "foo.trimmed.rma6_alignmentDist.txt:md5,d7b5356cfddf1a4aecb76a6231d070e8",
                "foo.trimmed.rma6_readLengthDist.txt:md5,d971416fc4a52b54f9dd3febdbc0787a",
                "foo.trimmed.rma6_readLengthStat.txt:md5,3fa67a01cc014f9461a12efbb818993d",
                "Yersinia_pestis.fasta:md5,405b93c8785031139f1dec4e4565bb30",
                "error.txt:md5,d41d8cd98f00b204e9800998ecf8427e",
                "heatmap_overview_Wevid.tsv:md5,55d533ee0361e59a6a8412e3076e78a9",
                "bar.sorted.AlignedToBowtie2DB.bam:md5,c71b3d9adf311691dc6195b2abe1e0b8",
                "bar.sorted.AlignedToBowtie2DB.bam.bai:md5,effbef892f1954a4b311cf3daf3eb6e3",
                "foo.sorted.AlignedToBowtie2DB.bam:md5,1da99a96ade070edc006c731e3259c2d",
                "foo.sorted.AlignedToBowtie2DB.bam.bai:md5,f301ce4f0788e529b1648734d0c54cb6",
                "bar.cutadapt.log:md5,b2079caba97199798162804b2c94c6a9",
                "bar.trimmed.fastq.gz:md5,49fde0d0a9c043e26bbe03ee2dbd66b0",
                "foo.cutadapt.log:md5,c8441cf95f1516f3718bff7f37cde486",
                "foo.trimmed.fastq.gz:md5,e36661db34994cfff4e28711739b792b",
                "bar.krakenuniq.classified.txt_kmers1000.krona:md5,b8398351ac17359cbba98f8314cdb95d",
                "bar.krakenuniq.classified.txt_kmers1000.txt:md5,b5d318cd9769c2f675f5ba279cf8bb77",
                "bar.krakenuniq.report.txt.filtered:md5,c0f09a32a54d847a6fce8f2a07d736b0",
                "bar.krakenuniq.report.txt.filtered_taxIDs_kmers1000.txt:md5,57b6f74efba9fe369669234ad986349d",
                "bar.krakenuniq.report.txt.pathogens:md5,c0f09a32a54d847a6fce8f2a07d736b0",
                "bar.krakenuniq_filter.log:md5,8af38b8d792f6a1c0e780689adb47fc8",
                "bar.taxID.pathogens:md5,57b6f74efba9fe369669234ad986349d",
                "bar.taxID.species:md5,57b6f74efba9fe369669234ad986349d",
                "foo.krakenuniq.classified.txt_kmers1000.krona:md5,ee95fcb61d387b786637823f22775714",
                "foo.krakenuniq.classified.txt_kmers1000.txt:md5,dfb428afa4e0db7c696f94b16f1b6847",
                "foo.krakenuniq.report.txt.filtered:md5,ca03165494170f2f7d8c91830a14ed92",
                "foo.krakenuniq.report.txt.filtered_taxIDs_kmers1000.txt:md5,57b6f74efba9fe369669234ad986349d",
                "foo.krakenuniq.report.txt.pathogens:md5,ca03165494170f2f7d8c91830a14ed92",
                "foo.krakenuniq_filter.log:md5,8af38b8d792f6a1c0e780689adb47fc8",
                "foo.taxID.pathogens:md5,57b6f74efba9fe369669234ad986349d",
                "foo.taxID.species:md5,57b6f74efba9fe369669234ad986349d",
                "bar.krakenuniq.classified.txt:md5,f48758ac1cad0dd5c6d16fc3d872cd14",
                "foo.krakenuniq.classified.txt:md5,e0bfc69814a72a6ee873ebf43864416c",
                "krakenuniq.abundance_matrix.log:md5,a8fbf1a2c65e109750922c66118e6f4b",
                "krakenuniq_abundance_matrix.txt:md5,b7c9af25c3cfcbcc6beff5152a48cc92",
                "unique_species_names_list.txt:md5,4fb9f69d4381bed9d25396bb1912976b",
                "unique_species_taxid_list.txt:md5,57b6f74efba9fe369669234ad986349d",
                "bar.trimmed.sam.gz:md5,20f8a8aae361aeaeee0416fc399cc06b",
                "foo.trimmed.sam.gz:md5,fd9e095ac1a58891c9da4f38af6fa904",
                "malt_abundance_matrix_rma6.txt:md5,bedda0a1145c1eb78386c86b7a4a9881",
                "malt_abundance_matrix_sam.txt:md5,b338a353346a0ea7082c30f3a511cb59",
                "library.project.fna:md5,ec21424b9de4066881693190ca64f2ee",
                "index0.idx:md5,a11bc04b7f86e11e3271f326858ec641",
                "ref.db:md5,145fcceab4abaa5fc4025c17df2d04a8",
                "ref.idx:md5,b1b7af8cb99cdbd009938ddb72685c1a",
                "ref.inf:md5,787dbdf31707add2635ede5f2479e7b0",
                "taxonomy.idx:md5,b27328873b2e5da5fa5df793f629a5f8",
                "taxonomy.map:md5,5bb3f2192e925bca2e61e4b54f1671e0",
                "taxonomy.tre:md5,f76fb2d5aa9b0d637234d48175841e0e",
                "seqid2taxid.project.map:md5,3f1003c303a15b87e242339533776df2",
                "seqids.project:md5,58a204510279f8be131b603d53975f56",
                "bar.sam_counts.txt:md5,125dca018389717c78efafb353980e19",
                "foo.sam_counts.txt:md5,f1bb9057a9938bfa5492af05db6a462f",
                "632.seq_ids:md5,f0336ffddc41b4afdae432e59ca8501b",
                "bar.632.bam:md5,c0ce8f3438a268cffc64ef19d8697a2f",
                "bar.632.bam.csi:md5,1e7a55b4c063d409dd2affdf6ec1c43d",
                "3pGtoA_freq.txt:md5,92a72b417c8720e4b85dcbdcea470e2f",
                "5pCtoT_freq.txt:md5,a901021f757969f245850e93d7dad0fb",
                "dnacomp.txt:md5,ffd9d083293150e4fd22504c1869b69f",
                "dnacomp_genome.csv:md5,c29b9fd3c98dc7666117f5063d928450",
                "lgdistribution.txt:md5,300c3a1d0fb50d3e69eedc7123610663",
                "misincorporation.txt:md5,ea9a1de111fef163ab2d6482bb8cc25a",
                "632.seq_ids:md5,f0336ffddc41b4afdae432e59ca8501b",
                "foo.632.bam:md5,1a84459ada0abfee7cc6721daa27f822",
                "foo.632.bam.csi:md5,8177434a26ec6058f43caf68eddf436f",
                "3pGtoA_freq.txt:md5,9454cd878b82fe4b7c8f77756ca51c9e",
                "5pCtoT_freq.txt:md5,6705a25ff97d4c1216eb227f07c8827c",
                "dnacomp.txt:md5,d0e815565cdaae6a06532c59fd0619fd",
                "dnacomp_genome.csv:md5,c29b9fd3c98dc7666117f5063d928450",
                "lgdistribution.txt:md5,b7b81e1439c55a6148557fde023e6f4b",
                "misincorporation.txt:md5,d58e086bc45e809e3b7ab8eec46de90a",
                "multiqc_citations.txt:md5,4c806e63a283ec1b7e78cdae3a923d4f",
                "overview_heatmap_scores.txt:md5,c91f833f6ce459ec4cf75f45d01fe368"
            ]
        ],
        "timestamp": "2026-08-21T14:55:33.433743",
        "meta": {
            "nf-test": "0.9.5",
            "nextflow": "26.04.1"
        }
    }
}